// Jest Snapshot v1, https://goo.gl/fbAQLP

exports[`<Heading /> should render with default values 1`] = `
<h1
  class="sc-blHHSb bepzXa"
>
  TÃ­tulo
</h1>
`;
